
> starter_helpi@0.1.0 test
> react-scripts test --coverage

FAIL src/App.test.tsx
  ✕ renders learn react link (44 ms)

  ● renders learn react link

    TestingLibraryElementError: Unable to find an element with the text: /learn react/i. This could be because the text is broken up by multiple elements. In this case, you can provide a function for your text matcher to make your matcher more flexible.

    Ignored nodes: comments, script, style
    [36m<body>[39m
      [36m<div>[39m
        [36m<div[39m
          [33mclass[39m=[32m"App"[39m
        [36m>[39m
          [36m<div[39m
            [33mclass[39m=[32m"MainWrapper"[39m
          [36m>[39m
            [36m<div[39m
              [33mclass[39m=[32m"MainContent"[39m
            [36m>[39m
              [36m<header[39m
                [33mclass[39m=[32m"App-header"[39m
              [36m>[39m
                [36m<div[39m
                  [33mclass[39m=[32m"HeaderContent"[39m
                [36m>[39m
                  [36m<div[39m
                    [33mclass[39m=[32m"moon-container"[39m
                  [36m/>[39m
                  [36m<div[39m
                    [33mclass[39m=[32m"HeaderTitle"[39m
                  [36m>[39m
                    [0mThe Career Cosmos[0m
                  [36m</div>[39m
                [36m</div>[39m
              [36m</header>[39m
              [36m<div[39m
                [33mclass[39m=[32m"quiz-container"[39m
              [36m>[39m
                [36m<div[39m
                  [33mclass[39m=[32m"quiz-box"[39m
                [36m>[39m
                  [36m<div[39m
                    [33mclass[39m=[32m"quiz-title"[39m
                  [36m>[39m
                    [0mBasic Quiz[0m
                  [36m</div>[39m
                  [36m<div[39m
                    [33mclass[39m=[32m"quiz-description"[39m
                  [36m>[39m
                    [0mThis is the description for the Basic Quiz.[0m
                  [36m</div>[39m
                  [36m<button[39m
                    [33mclass[39m=[32m"quiz-button btn btn-primary"[39m
                    [33mtype[39m=[32m"button"[39m
                  [36m>[39m
                    [36m<span>[39m
                      [0mBasic Quiz[0m
                    [36m</span>[39m
                  [36m</button>[39m
                [36m</div>[39m
                [36m<div[39m
                  [33mclass[39m=[32m"quiz-box"[39m
                [36m>[39m
                  [36m<div[39m
                    [33mclass[39m=[32m"quiz-title"[39m
                  [36m>[39m
                    [0mDetailed Quiz[0m
                  [36m</div>[39m
                  [36m<div[39m
                    [33mclass[39m=[32m"quiz-description"[39m
                  [36m>[39m
                    [0mThis is the description for the Detailed Quiz.[0m
                  [36m</div>[39m
                  [36m<button[39m
                    [33mclass[39m=[32m"quiz-button btn btn-primary"[39m
                    [33mtype[39m=[32m"button"[39m
                  [36m>[39m
                    [36m<span>[39m
                      [0mDetailed Quiz[0m
                    [36m</span>[39m
                  [36m</button>[39m
                [36m</div>[39m
              [36m</div>[39m
            [36m</div>[39m
            [36m<footer[39m
              [33mclass[39m=[32m"footer"[39m
            [36m>[39m
              [36m<p>[39m
                [0mIcon will go here[0m
              [36m</p>[39m
            [36m</footer>[39m
          [36m</div>[39m
          [36m<div[39m
            [33mclass[39m=[32m"api-form-container"[39m
          [36m>[39m
            [36m<form[39m
              [33mclass[39m=[32m"api-form"[39m
            [36m>[39m
              [36m<label[39m
                [33mclass[39m=[32m"form-label"[39m
              [36m>[39m
                [0mAPI Key:[0m
              [36m</label>[39m
              [36m<input[39m
                [33mclass[39m=[32m"form-control"[39m
                [33mplaceholder[39m=[32m"Insert API Key Here"[39m
                [33mtype[39m=[32m"password"[39m
              [36m/>[39m
              [36m<br />[39m
              [36m<button[39m
                [33mclass[39m=[32m"Submit-Button btn btn-primary"[39m
                [33mtype[39m=[32m"button"[39m
              [36m>[39m
                [0mSubmit[0m
              [36m</button>[39m
            [36m</form>[39m
          [36m</div>[39m
        [36m</div>[39m
      [36m</div>[39m
    [36m</body>[39m

       5 | test('renders learn react link', () => {
       6 |   render(<App />);
    >  7 |   const linkElement = screen.getByText(/learn react/i);
         |                              ^
       8 |   expect(linkElement).toBeInTheDocument();
       9 | });
      10 |

      at Object.getElementError (node_modules/@testing-library/react/node_modules/@testing-library/dom/dist/config.js:37:19)
      at node_modules/@testing-library/react/node_modules/@testing-library/dom/dist/query-helpers.js:76:38
      at node_modules/@testing-library/react/node_modules/@testing-library/dom/dist/query-helpers.js:52:17
      at getByText (node_modules/@testing-library/react/node_modules/@testing-library/dom/dist/query-helpers.js:95:19)
      at Object.<anonymous> (src/App.test.tsx:7:30)
      at TestScheduler.scheduleTests (node_modules/@jest/core/build/TestScheduler.js:333:13)
      at runJest (node_modules/@jest/core/build/runJest.js:404:19)
      at _run10000 (node_modules/@jest/core/build/cli/index.js:320:7)
      at runCLI (node_modules/@jest/core/build/cli/index.js:173:3)

------------------------|---------|----------|---------|---------|-------------------
File                    | % Stmts | % Branch | % Funcs | % Lines | Uncovered Line #s 
------------------------|---------|----------|---------|---------|-------------------
All files               |   22.22 |    23.33 |   11.11 |   22.22 |                   
 src                    |   30.43 |    43.75 |   16.66 |   30.43 |                   
  App.tsx               |   58.33 |    58.33 |      25 |   58.33 | 15,26-32,43       
  index.tsx             |       0 |      100 |     100 |       0 | 7-19              
  reportWebVitals.ts    |       0 |        0 |       0 |       0 | 3-10              
 src/pages/BasicQuiz    |   14.28 |        0 |       0 |   14.28 |                   
  BasicQuiz.tsx         |   14.28 |        0 |       0 |   14.28 | 12-29             
 src/pages/DetailedQuiz |    12.5 |        0 |       0 |    12.5 |                   
  DetailedQuiz.tsx      |    12.5 |        0 |       0 |    12.5 | 12-28             
 src/pages/Home         |   33.33 |      100 |   33.33 |   33.33 |                   
  HomePage.tsx          |   33.33 |      100 |   33.33 |   33.33 | 16-23             
 src/pages/ResultsPage  |       0 |      100 |       0 |       0 |                   
  CareerCard.tsx        |       0 |      100 |       0 |       0 | 10                
  ResultsPage.tsx       |       0 |      100 |       0 |       0 | 15-29             
------------------------|---------|----------|---------|---------|-------------------
Test Suites: 1 failed, 1 total
Tests:       1 failed, 1 total
Snapshots:   0 total
Time:        2.894 s
Ran all test suites.
[0;33mOne of your dependencies, babel-preset-react-app, is importing the
"@babel/plugin-proposal-private-property-in-object" package without
declaring it in its dependencies. This is currently working because
"@babel/plugin-proposal-private-property-in-object" is already in your
node_modules folder for unrelated reasons, but it [1mmay break at any time[0;33m.

babel-preset-react-app is part of the create-react-app project, [1mwhich
is not maintianed anymore[0;33m. It is thus unlikely that this bug will
ever be fixed. Add "@babel/plugin-proposal-private-property-in-object" to
your devDependencies to work around this error. This will make this message
go away.[0m
  
